// Jest Snapshot v1, https://goo.gl/fbAQLP

exports[`testing should render correctly 1`] = `ShallowWrapper {}`;
